// Jest Snapshot v1, https://goo.gl/fbAQLP

exports[`renders Header component correctly 1`] = `
<header
  className="header"
>
  <div
    className="header__inner-wrapper"
  >
    <h1
      className="title"
    >
      Image Search App
    </h1>
  </div>
</header>
`;
