// Jest Snapshot v1, https://goo.gl/fbAQLP

exports[`renders ImageSearchApp component correctly 1`] = `
<div
  className="image-search-app"
>
  <Header />
  <Connect(SearchImages) />
  <Footer />
</div>
`;
