// Jest Snapshot v1, https://goo.gl/fbAQLP

exports[`renders Loader component correctly 1`] = `
<div
  className="loader-box"
>
  <div
    className="loader"
    style={
      Object {
        "display": undefined,
      }
    }
  />
</div>
`;
